/home/runner/work/selenium-grid-cloud-base-codeFromUdemy/selenium-grid-cloud-base-codeFromUdemy/src/main/java/com/practicetestautomation/pages/TestLoginPage.java
/home/runner/work/selenium-grid-cloud-base-codeFromUdemy/selenium-grid-cloud-base-codeFromUdemy/src/main/java/com/practicetestautomation/base/SauceLabsFactory.java
/home/runner/work/selenium-grid-cloud-base-codeFromUdemy/selenium-grid-cloud-base-codeFromUdemy/src/main/java/com/practicetestautomation/base/SauceLabsTestListener.java
/home/runner/work/selenium-grid-cloud-base-codeFromUdemy/selenium-grid-cloud-base-codeFromUdemy/src/main/java/com/practicetestautomation/base/BrowserDriverFactory.java
/home/runner/work/selenium-grid-cloud-base-codeFromUdemy/selenium-grid-cloud-base-codeFromUdemy/src/main/java/com/practicetestautomation/base/BaseTest.java
/home/runner/work/selenium-grid-cloud-base-codeFromUdemy/selenium-grid-cloud-base-codeFromUdemy/src/main/java/com/practicetestautomation/pages/BasePageObject.java
/home/runner/work/selenium-grid-cloud-base-codeFromUdemy/selenium-grid-cloud-base-codeFromUdemy/src/main/java/com/practicetestautomation/base/GridFactory.java
/home/runner/work/selenium-grid-cloud-base-codeFromUdemy/selenium-grid-cloud-base-codeFromUdemy/src/main/java/com/practicetestautomation/pages/LoggedInSuccessfullyPage.java
